g 3 4
b 0 0
b 0 1
b 0 2
b 0 3
b 1 1
b 1 2
b 1 3
b 1 0
b 2 2
b 2 3
+---+
|***|
|***|
|***|
|***|
+---+
u 2 0
+---+
|**2|
|***|
|***|
|***|
+---+
u 2 1
+---+
|**2|
|**4|
|***|
|***|
+---+
f 0 0
+---+
|f*2|
|**4|
|***|
|***|
+---+
f 0 1
+---+
|f*2|
|f*4|
|***|
|***|
+---+
f 0 2
+---+
|f*2|
|f*4|
|f**|
|***|
+---+
f 0 3
+---+
|f*2|
|f*4|
|f**|
|f**|
+---+
f 1 0
+---+
|ff2|
|f*4|
|f**|
|f**|
+---+
f 1 1
+---+
|ff2|
|ff4|
|f**|
|f**|
+---+
f 1 2
+---+
|ff2|
|ff4|
|ff*|
|f**|
+---+
f 1 3
+---+
|ff2|
|ff4|
|ff*|
|ff*|
+---+
f 2 2
+---+
|ff2|
|ff4|
|fff|
|ff*|
+---+
f 2 3
+---+
|ff2|
|ff4|
|fff|
|fff|
+---+
won
