g 10 10
b 0 0
b 0 2
b 3 5
b 5 9
b 3 4
b 2 9
b 2 3
b 1 3
b 7 4
b 7 5
+----------+
|**********|
|**********|
|**********|
|**********|
|**********|
|**********|
|**********|
|**********|
|**********|
|**********|
+----------+
u 1 1
+----------+
|**********|
|*2********|
|**********|
|**********|
|**********|
|**********|
|**********|
|**********|
|**********|
|**********|
+----------+
u 1 5
+----------+
|**********|
|*2********|
|**********|
|**********|
|**********|
|*0********|
|**********|
|**********|
|**********|
|**********|
+----------+
error
